---
source: tests/json_contract.rs
expression: "json_output(root, &[\"version\", \"plan\", \"--json\"], true)"
---
{
  "bumped": [
    {
      "current": "1.2.0",
      "fragments": 1,
      "name": "lat_core",
      "next": "1.3.0"
    },
    {
      "current": "0.5.0",
      "fragments": 1,
      "name": "lat_mid",
      "next": "1.0.0"
    }
  ],
  "schema": "trellis.version-plan/1"
}
