---
source: tests/json_contract.rs
expression: payload
---
{
  "applied": [],
  "auto-members": false,
  "configless": false,
  "findings": [
    {
      "check": "exclusion-glob",
      "file": "gleam.toml",
      "fixable": false,
      "message": "`build` exclusion glob `nope/*` matches no member (typo?)",
      "severity": "error"
    },
    {
      "check": "lockfile-drift",
      "file": "packages/lat_mid/manifest.toml",
      "fixable": true,
      "message": "packages/lat_mid/manifest.toml locks `lat_core` at 1.1.0 but its gleam.toml says 1.2.0 (run the version-apply lockfile patch)",
      "package": "lat_mid",
      "severity": "error"
    },
    {
      "check": "changelog-missing",
      "file": "packages/lat_core/CHANGELOG.md",
      "fixable": true,
      "message": "releasable package `lat_core` has no CHANGELOG.md",
      "package": "lat_core",
      "severity": "warning"
    },
    {
      "check": "changelog-adoption",
      "file": "packages/lat_mid/CHANGELOG.md",
      "fixable": true,
      "message": "package `lat_mid` has changelog history that trellis has not batched yet; it will be adopted on the next release",
      "package": "lat_mid",
      "severity": "warning"
    },
    {
      "check": "changelog-adoption",
      "file": "packages/lat_cli/CHANGELOG.md",
      "fixable": true,
      "message": "package `lat_cli` has changelog history that trellis has not batched yet; it will be adopted on the next release",
      "package": "lat_cli",
      "severity": "warning"
    },
    {
      "check": "changelog-fragment",
      "file": ".changes/unreleased/ghost-1.toml",
      "fixable": false,
      "message": "fragment `ghost-1.toml`: project `ghost` is not a workspace member",
      "package": "ghost",
      "severity": "error"
    }
  ],
  "fixes": [
    {
      "description": "patch locked versions in packages/lat_mid/manifest.toml",
      "file": "packages/lat_mid/manifest.toml",
      "kind": "patch-lockfile",
      "package": "lat_mid"
    },
    {
      "description": "seed CHANGELOG.md for `lat_core`",
      "file": "packages/lat_core/CHANGELOG.md",
      "kind": "seed-changelog",
      "package": "lat_core"
    },
    {
      "description": "adopt existing changelog history for `lat_mid`",
      "file": "packages/lat_mid/CHANGELOG.md",
      "kind": "adopt-changelog",
      "package": "lat_mid"
    },
    {
      "description": "adopt existing changelog history for `lat_cli`",
      "file": "packages/lat_cli/CHANGELOG.md",
      "kind": "adopt-changelog",
      "package": "lat_cli"
    }
  ],
  "members": 4,
  "ok": false,
  "schema": "trellis.doctor/1"
}
